gthr-default.h:229:1:int __gthread_key_delete(__gthread_key_t)	16	static
commandline.h:43:7:void CommandLine::ShowPrompt()	16	static
commandline.h:47:7:void CommandLine::ShowCRLF()	16	static
commandline.h:51:7:void CommandLine::CmdCancel()	16	static
commandline.h:56:7:void CommandLine::CmdBackspace()	24	static
commandline.h:67:7:void CommandLine::In(CircularBuffer<unsigned char>&)	24	static
commandline.h:118:11:uint16_t CommandLine::Out(uint8_t*, uint16_t)	24	static
commandline.h:131:7:void CommandLine::Process()	64	static
usb_device_class.h:17:18:virtual uint8_t USB_DEVICE_CLASS::Init(USB*)	16	static
usb_device_class.h:18:18:virtual uint8_t USB_DEVICE_CLASS::DeInit()	16	static
usb_device_class.h:19:18:virtual uint8_t USB_DEVICE_CLASS::Setup(USB::USB_SETUP_REQUEST*)	16	static
usb_device_class.h:20:18:virtual uint8_t USB_DEVICE_CLASS::EP0_TxSent()	16	static
usb_device_class.h:21:18:virtual uint8_t USB_DEVICE_CLASS::EP0_RxReady()	16	static
usb_device_class.h:22:18:virtual uint8_t USB_DEVICE_CLASS::DataIn(uint8_t)	16	static
usb_device_class.h:23:18:virtual uint8_t USB_DEVICE_CLASS::DataOut(uint8_t, uint16_t)	16	static
usb_device_class.h:24:18:virtual uint8_t USB_DEVICE_CLASS::SOF()	16	static
usb_device_class.h:25:18:virtual uint8_t USB_DEVICE_CLASS::ISO_IN()	16	static
usb_device_class.h:26:18:virtual uint8_t USB_DEVICE_CLASS::ISO_OUT()	16	static
usb_device_class.h:27:19:virtual uint8_t* USB_DEVICE_CLASS::GetDescriptor()	16	static
usb_device_class.h:28:19:virtual uint16_t USB_DEVICE_CLASS::GetDescriptorSize()	16	static
usb_device_class.h:29:18:virtual uint8_t USB_DEVICE_CLASS::InterfaceRequest(USB::USB_SETUP_REQUEST*)	16	static
usb_device_class.h:30:18:virtual uint8_t USB_DEVICE_CLASS::SetupCmd(uint16_t, uint8_t, uint8_t*, uint16_t&)	24	static
interrupt_stm32.h:7:2:INTERRUPT_STM32::INTERRUPT_STM32(uint8_t, uint8_t, uint8_t, uint8_t)	24	static
main.cpp:80:6:void InitializeTimer(int)	32	static
main.cpp:93:6:void InitializePWMChannel3(int)	40	static
main.cpp:108:6:void InitializePWMChannel2(int)	40	static
main.cpp:123:6:void PonteHcontrol(int, int)	24	static
main.cpp:148:6:void InitializeLEDs()	16	static
main.cpp:159:9:uint8_t mySPI_GetData(uint8_t)	16	static
main.cpp:181:6:void mySPI_SendData(uint8_t, uint8_t)	16	static
main.cpp:199:6:void InitializeSPI()	48	static
main.cpp:248:5:int SpeedControl(int, int)	24	static
main.cpp:262:5:int main()	88	static
main.cpp:348:17:void OTG_FS_IRQHandler()	8	static
main.cpp:353:17:void OTG_FS_WKUP_IRQHandler()	8	static
main.cpp:366:17:void EVAL_AUDIO_TransferComplete_CallBack(uint32_t, uint32_t)	16	static
main.cpp:375:21:uint16_t EVAL_AUDIO_GetSampleCallBack()	4	static
circularbuffer.h:7:2:CircularBuffer<T, accept_data_when_full>::CircularBuffer(T*, uint16_t, uint16_t) [with T = unsigned char; unsigned char accept_data_when_full = 1u]	24	static
circularbuffer.h:32:11:uint16_t CircularBuffer<T, accept_data_when_full>::In(const T*, uint16_t) [with T = unsigned char; unsigned char accept_data_when_full = 1u]	32	static
circularbuffer.h:163:7:void CircularBuffer<T, accept_data_when_full>::Clear() [with T = unsigned char; unsigned char accept_data_when_full = 1u]	16	static
circularbuffer.h:160:11:uint16_t CircularBuffer<T, accept_data_when_full>::Ocupied() [with T = unsigned char; unsigned char accept_data_when_full = 1u]	16	static
circularbuffer.h:125:11:uint16_t CircularBuffer<T, accept_data_when_full>::OutEnd(T*, uint16_t) [with T = unsigned char; unsigned char accept_data_when_full = 1u]	32	static
circularbuffer.h:28:11:uint16_t CircularBuffer<T, accept_data_when_full>::In(const T&) [with T = unsigned char; unsigned char accept_data_when_full = 1u]	16	static
circularbuffer.h:119:4:T CircularBuffer<T, accept_data_when_full>::Out() [with T = unsigned char; unsigned char accept_data_when_full = 1u]	24	static
circularbuffer.h:157:11:uint16_t CircularBuffer<T, accept_data_when_full>::Free() [with T = unsigned char; unsigned char accept_data_when_full = 1u]	16	static
circularbuffer.h:95:11:uint16_t CircularBuffer<T, accept_data_when_full>::Out(T*, uint16_t) [with T = unsigned char; unsigned char accept_data_when_full = 1u]	32	static
circularbuffer.h:169:5:T* CircularBuffer<T, accept_data_when_full>::GetRearrangedBuffer() [with T = unsigned char; unsigned char accept_data_when_full = 1u]	56	dynamic
stl_list.h:840:7:std::__cxx11::list<_Tp, _Alloc>::iterator std::__cxx11::list<_Tp, _Alloc>::begin() [with _Tp = const char*; _Alloc = std::allocator<const char*>]	24	static
stl_list.h:840:7:std::__cxx11::list<_Tp, _Alloc>::iterator std::__cxx11::list<_Tp, _Alloc>::begin() [with _Tp = short unsigned int (*)(short unsigned int, unsigned char**); _Alloc = std::allocator<short unsigned int (*)(short unsigned int, unsigned char**)>]	24	static
stl_list.h:858:7:std::__cxx11::list<_Tp, _Alloc>::iterator std::__cxx11::list<_Tp, _Alloc>::end() [with _Tp = const char*; _Alloc = std::allocator<const char*>]	24	static
stl_list.h:194:7:bool std::_List_iterator< <template-parameter-1-1> >::operator!=(const _Self&) const [with _Tp = const char*]	16	static
stl_list.h:858:7:std::__cxx11::list<_Tp, _Alloc>::iterator std::__cxx11::list<_Tp, _Alloc>::end() [with _Tp = short unsigned int (*)(short unsigned int, unsigned char**); _Alloc = std::allocator<short unsigned int (*)(short unsigned int, unsigned char**)>]	24	static
stl_list.h:194:7:bool std::_List_iterator< <template-parameter-1-1> >::operator!=(const _Self&) const [with _Tp = short unsigned int (*)(short unsigned int, unsigned char**)]	16	static
stl_list.h:167:7:std::_List_iterator< <template-parameter-1-1> >::_Self std::_List_iterator< <template-parameter-1-1> >::operator++(int) [with _Tp = const char*]	24	static
stl_list.h:167:7:std::_List_iterator< <template-parameter-1-1> >::_Self std::_List_iterator< <template-parameter-1-1> >::operator++(int) [with _Tp = short unsigned int (*)(short unsigned int, unsigned char**)]	24	static
stl_list.h:152:7:_Tp& std::_List_iterator< <template-parameter-1-1> >::operator*() const [with _Tp = const char*]	16	static
stl_list.h:152:7:_Tp& std::_List_iterator< <template-parameter-1-1> >::operator*() const [with _Tp = short unsigned int (*)(short unsigned int, unsigned char**)]	16	static
stl_list.h:585:7:std::__cxx11::list<_Tp, _Alloc>::list() [with _Tp = USB_DEVICE_CLASS*; _Alloc = std::allocator<USB_DEVICE_CLASS*>]	16	static
stl_algobase.h:446:5:_OI std::copy(_II, _II, _OI) [with _II = const unsigned char*; _OI = unsigned char*]	32	static
stl_algobase.h:446:5:_OI std::copy(_II, _II, _OI) [with _II = unsigned char*; _OI = unsigned char*]	32	static
stl_list.h:143:7:std::_List_iterator< <template-parameter-1-1> >::_List_iterator(std::__detail::_List_node_base*) [with _Tp = const char*]	16	static
stl_list.h:143:7:std::_List_iterator< <template-parameter-1-1> >::_List_iterator(std::__detail::_List_node_base*) [with _Tp = short unsigned int (*)(short unsigned int, unsigned char**)]	16	static
stl_list.h:113:18:_Tp* std::_List_node<_Tp>::_M_valptr() [with _Tp = const char*]	16	static
stl_list.h:113:18:_Tp* std::_List_node<_Tp>::_M_valptr() [with _Tp = short unsigned int (*)(short unsigned int, unsigned char**)]	16	static
stl_list.h:323:14:std::__cxx11::_List_base<USB_DEVICE_CLASS*, std::allocator<USB_DEVICE_CLASS*> >::_List_impl::~_List_impl()	16	static
stl_list.h:400:7:std::__cxx11::_List_base<_Tp, _Alloc>::_List_base() [with _Tp = USB_DEVICE_CLASS*; _Alloc = std::allocator<USB_DEVICE_CLASS*>]	16	static
stl_list.h:441:7:std::__cxx11::_List_base<_Tp, _Alloc>::~_List_base() [with _Tp = USB_DEVICE_CLASS*; _Alloc = std::allocator<USB_DEVICE_CLASS*>]	16	static
cpp_type_traits.h:408:5:_Iterator std::__miter_base(_Iterator) [with _Iterator = const unsigned char*]	16	static
stl_algobase.h:420:5:_OI std::__copy_move_a2(_II, _II, _OI) [with bool _IsMove = false; _II = const unsigned char*; _OI = unsigned char*]	32	static
cpp_type_traits.h:408:5:_Iterator std::__miter_base(_Iterator) [with _Iterator = unsigned char*]	16	static
stl_algobase.h:420:5:_OI std::__copy_move_a2(_II, _II, _OI) [with bool _IsMove = false; _II = unsigned char*; _OI = unsigned char*]	32	static
aligned_buffer.h:70:7:_Tp* __gnu_cxx::__aligned_membuf<_Tp>::_M_ptr() [with _Tp = const char*]	16	static
aligned_buffer.h:70:7:_Tp* __gnu_cxx::__aligned_membuf<_Tp>::_M_ptr() [with _Tp = short unsigned int (*)(short unsigned int, unsigned char**)]	16	static
stl_list.h:332:2:std::__cxx11::_List_base<_Tp, _Alloc>::_List_impl::_List_impl() [with _Tp = USB_DEVICE_CLASS*; _Alloc = std::allocator<USB_DEVICE_CLASS*>]	16	static
allocator.h:139:7:std::allocator< <template-parameter-1-1> >::~allocator() [with _Tp = std::_List_node<USB_DEVICE_CLASS*>]	16	static
stl_list.h:448:7:void std::__cxx11::_List_base<_Tp, _Alloc>::_M_init() [with _Tp = USB_DEVICE_CLASS*; _Alloc = std::allocator<USB_DEVICE_CLASS*>]	16	static
list.tcc:65:5:void std::__cxx11::_List_base<_Tp, _Alloc>::_M_clear() [with _Tp = USB_DEVICE_CLASS*; _Alloc = std::allocator<USB_DEVICE_CLASS*>]	32	static
stl_list.h:113:18:_Tp* std::_List_node<_Tp>::_M_valptr() [with _Tp = unsigned int]	16	static
stl_algobase.h:277:5:_Iterator std::__niter_base(_Iterator) [with _Iterator = const unsigned char*]	16	static
stl_algobase.h:277:5:_Iterator std::__niter_base(_Iterator) [with _Iterator = unsigned char*]	16	static
stl_algobase.h:375:5:_OI std::__copy_move_a(_II, _II, _OI) [with bool _IsMove = false; _II = const unsigned char*; _OI = unsigned char*]	32	static
stl_algobase.h:375:5:_OI std::__copy_move_a(_II, _II, _OI) [with bool _IsMove = false; _II = unsigned char*; _OI = unsigned char*]	32	static
aligned_buffer.h:62:7:void* __gnu_cxx::__aligned_membuf<_Tp>::_M_addr() [with _Tp = const char*]	16	static
aligned_buffer.h:62:7:void* __gnu_cxx::__aligned_membuf<_Tp>::_M_addr() [with _Tp = short unsigned int (*)(short unsigned int, unsigned char**)]	16	static
allocator.h:131:7:std::allocator< <template-parameter-1-1> >::allocator() [with _Tp = std::_List_node<USB_DEVICE_CLASS*>]	16	static
new_allocator.h:86:7:__gnu_cxx::new_allocator<_Tp>::~new_allocator() [with _Tp = std::_List_node<USB_DEVICE_CLASS*>]	16	static
stl_list.h:352:12:void std::__cxx11::_List_base<_Tp, _Alloc>::_M_set_size(std::size_t) [with _Tp = USB_DEVICE_CLASS*; _Alloc = std::allocator<USB_DEVICE_CLASS*>]	16	static
stl_list.h:113:18:_Tp* std::_List_node<_Tp>::_M_valptr() [with _Tp = USB_DEVICE_CLASS*]	16	static
stl_list.h:393:7:std::__cxx11::_List_base<_Tp, _Alloc>::_Node_alloc_type& std::__cxx11::_List_base<_Tp, _Alloc>::_M_get_Node_allocator() [with _Tp = USB_DEVICE_CLASS*; _Alloc = std::allocator<USB_DEVICE_CLASS*>]	16	static
alloc_traits.h:486:2:static void std::allocator_traits<std::allocator<_Tp> >::destroy(std::allocator_traits<std::allocator<_Tp> >::allocator_type&, _Up*) [with _Up = USB_DEVICE_CLASS*; _Tp = std::_List_node<USB_DEVICE_CLASS*>]	16	static
stl_list.h:386:7:void std::__cxx11::_List_base<_Tp, _Alloc>::_M_put_node(typename std::__cxx11::_List_base<_Tp, _Alloc>::_Node_alloc_traits::pointer) [with _Tp = USB_DEVICE_CLASS*; _Alloc = std::allocator<USB_DEVICE_CLASS*>]	16	static
aligned_buffer.h:70:7:_Tp* __gnu_cxx::__aligned_membuf<_Tp>::_M_ptr() [with _Tp = unsigned int]	16	static
stl_algobase.h:357:9:static _Tp* std::__copy_move<_IsMove, true, std::random_access_iterator_tag>::__copy_m(const _Tp*, const _Tp*, _Tp*) [with _Tp = unsigned char; bool _IsMove = false]	32	static
new_allocator.h:79:7:__gnu_cxx::new_allocator<_Tp>::new_allocator() [with _Tp = std::_List_node<USB_DEVICE_CLASS*>]	16	static
aligned_buffer.h:70:7:_Tp* __gnu_cxx::__aligned_membuf<_Tp>::_M_ptr() [with _Tp = USB_DEVICE_CLASS*]	16	static
new_allocator.h:124:9:void __gnu_cxx::new_allocator<_Tp>::destroy(_Up*) [with _Up = USB_DEVICE_CLASS*; _Tp = std::_List_node<USB_DEVICE_CLASS*>]	16	static
alloc_traits.h:461:7:static void std::allocator_traits<std::allocator<_Tp> >::deallocate(std::allocator_traits<std::allocator<_Tp> >::allocator_type&, std::allocator_traits<std::allocator<_Tp> >::pointer, std::allocator_traits<std::allocator<_Tp> >::size_type) [with _Tp = std::_List_node<USB_DEVICE_CLASS*>]	24	static
aligned_buffer.h:62:7:void* __gnu_cxx::__aligned_membuf<_Tp>::_M_addr() [with _Tp = unsigned int]	16	static
aligned_buffer.h:62:7:void* __gnu_cxx::__aligned_membuf<_Tp>::_M_addr() [with _Tp = USB_DEVICE_CLASS*]	16	static
new_allocator.h:109:7:void __gnu_cxx::new_allocator<_Tp>::deallocate(__gnu_cxx::new_allocator<_Tp>::pointer, __gnu_cxx::new_allocator<_Tp>::size_type) [with _Tp = std::_List_node<USB_DEVICE_CLASS*>]	24	static
stl_list.h:503:11:std::__cxx11::list<USB_DEVICE_CLASS*>::~list()	16	static
usb_device_class.h:12:7:USB_DEVICE_CLASS::~USB_DEVICE_CLASS()	16	static
usb_device_class_cdc_rndis.h:6:7:USB_DEVICE_CLASS_CDC_RNDIS::~USB_DEVICE_CLASS_CDC_RNDIS()	16	static
usb_device_class_cdc_vcp.h:9:7:USB_DEVICE_CLASS_CDC_VCP::~USB_DEVICE_CLASS_CDC_VCP()	16	static
usb_device_class_audio.h:5:7:USB_DEVICE_CLASS_AUDIO::~USB_DEVICE_CLASS_AUDIO()	16	static
main.cpp:378:1:void __static_initialization_and_destruction_0(int, int)	40	static
stl_vector.h:425:7:std::vector<_Tp, _Alloc>::~vector() [with _Tp = unsigned char; _Alloc = std::allocator<unsigned char>]	24	static
stl_vector.h:425:7:std::vector<_Tp, _Alloc>::~vector() [with _Tp = const char*; _Alloc = std::allocator<const char*>]	24	static
circularbuffer.h:23:2:CircularBuffer<T, accept_data_when_full>::~CircularBuffer() [with T = unsigned char; unsigned char accept_data_when_full = 0u]	16	static
circularbuffer.h:23:2:CircularBuffer<T, accept_data_when_full>::~CircularBuffer() [with T = short int; unsigned char accept_data_when_full = 1u]	16	static
stl_vector.h:79:14:std::_Vector_base<unsigned char, std::allocator<unsigned char> >::_Vector_impl::~_Vector_impl()	16	static
stl_vector.h:159:7:std::_Vector_base<_Tp, _Alloc>::~_Vector_base() [with _Tp = unsigned char; _Alloc = std::allocator<unsigned char>]	16	static
stl_vector.h:113:7:std::_Vector_base<_Tp, _Alloc>::_Tp_alloc_type& std::_Vector_base<_Tp, _Alloc>::_M_get_Tp_allocator() [with _Tp = unsigned char; _Alloc = std::allocator<unsigned char>]	16	static
stl_construct.h:148:5:void std::_Destroy(_ForwardIterator, _ForwardIterator, std::allocator<_Tp>&) [with _ForwardIterator = unsigned char*; _Tp = unsigned char]	24	static
stl_vector.h:79:14:std::_Vector_base<const char*, std::allocator<const char*> >::_Vector_impl::~_Vector_impl()	16	static
stl_vector.h:159:7:std::_Vector_base<_Tp, _Alloc>::~_Vector_base() [with _Tp = const char*; _Alloc = std::allocator<const char*>]	16	static
stl_vector.h:113:7:std::_Vector_base<_Tp, _Alloc>::_Tp_alloc_type& std::_Vector_base<_Tp, _Alloc>::_M_get_Tp_allocator() [with _Tp = const char*; _Alloc = std::allocator<const char*>]	16	static
stl_construct.h:148:5:void std::_Destroy(_ForwardIterator, _ForwardIterator, std::allocator<_Tp>&) [with _ForwardIterator = const char**; _Tp = const char*]	24	static
allocator.h:139:7:std::allocator< <template-parameter-1-1> >::~allocator() [with _Tp = unsigned char]	16	static
stl_vector.h:174:7:void std::_Vector_base<_Tp, _Alloc>::_M_deallocate(std::_Vector_base<_Tp, _Alloc>::pointer, std::size_t) [with _Tp = unsigned char; _Alloc = std::allocator<unsigned char>]	24	static
stl_construct.h:122:5:void std::_Destroy(_ForwardIterator, _ForwardIterator) [with _ForwardIterator = unsigned char*]	16	static
allocator.h:139:7:std::allocator< <template-parameter-1-1> >::~allocator() [with _Tp = const char*]	16	static
stl_vector.h:174:7:void std::_Vector_base<_Tp, _Alloc>::_M_deallocate(std::_Vector_base<_Tp, _Alloc>::pointer, std::size_t) [with _Tp = const char*; _Alloc = std::allocator<const char*>]	24	static
stl_construct.h:122:5:void std::_Destroy(_ForwardIterator, _ForwardIterator) [with _ForwardIterator = const char**]	16	static
new_allocator.h:86:7:__gnu_cxx::new_allocator<_Tp>::~new_allocator() [with _Tp = unsigned char]	16	static
alloc_traits.h:461:7:static void std::allocator_traits<std::allocator<_Tp> >::deallocate(std::allocator_traits<std::allocator<_Tp> >::allocator_type&, std::allocator_traits<std::allocator<_Tp> >::pointer, std::allocator_traits<std::allocator<_Tp> >::size_type) [with _Tp = unsigned char]	24	static
stl_construct.h:112:9:static void std::_Destroy_aux<true>::__destroy(_ForwardIterator, _ForwardIterator) [with _ForwardIterator = unsigned char*]	16	static
new_allocator.h:86:7:__gnu_cxx::new_allocator<_Tp>::~new_allocator() [with _Tp = const char*]	16	static
alloc_traits.h:461:7:static void std::allocator_traits<std::allocator<_Tp> >::deallocate(std::allocator_traits<std::allocator<_Tp> >::allocator_type&, std::allocator_traits<std::allocator<_Tp> >::pointer, std::allocator_traits<std::allocator<_Tp> >::size_type) [with _Tp = const char*]	24	static
stl_construct.h:112:9:static void std::_Destroy_aux<true>::__destroy(_ForwardIterator, _ForwardIterator) [with _ForwardIterator = const char**]	16	static
new_allocator.h:109:7:void __gnu_cxx::new_allocator<_Tp>::deallocate(__gnu_cxx::new_allocator<_Tp>::pointer, __gnu_cxx::new_allocator<_Tp>::size_type) [with _Tp = unsigned char]	24	static
new_allocator.h:109:7:void __gnu_cxx::new_allocator<_Tp>::deallocate(__gnu_cxx::new_allocator<_Tp>::pointer, __gnu_cxx::new_allocator<_Tp>::size_type) [with _Tp = const char*]	24	static
main.cpp:378:1:cpp)	8	static
